logical_select Logs timestamp   --sort_keys timestamp
[
  [
    0,
    0.0,
    0.0
  ],
  [
    [
      [
        3
      ],
      [
        [
          "_id",
          "UInt32"
        ],
        [
          "memo",
          "ShortText"
        ],
        [
          "timestamp",
          "Time"
        ]
      ],
      [
        2,
        "2015-02-03 12:49:00",
        1422935340.0
      ],
      [
        1,
        "2015-02-03 23:59:59",
        1422975599.0
      ],
      [
        1,
        "2015-02-04 00:00:00",
        1422975600.0
      ]
    ]
  ]
]
